49
49
#################################################
###............####.###...####.####............##
##.............###........###..###.............##
#...............................................#
#...............................................#
#...............................................#
#...............................................#
#.......................##......................#
#......................###......................#
#......................###......................#
#...............................................#
#...............................................#
#...............................................#
#...............................................#
#...............................................#
###............####............####............##
###............####............####............##
###............####............####............##
##.............###.............###.............##
##..............................................#
##..............................................#
##..............................................#
##..............................................#
#...............................................#
#...............................................#
#...............................................#
##..............................................#
###.............................................#
###.............................................#
###.............................................#
#...............................................#
###............####............####............##
###............####............####............##
###............####............####............##
##.............###.............###.............##
#...............................................#
#...............................................#
#...............................................#
#...............................................#
#...............................................#
#...............................................#
#...............................................#
#...............................................#
#...............................................#
#...............................................#
#...............................................#
#...................###...###...................#
###............####.####..####.####............##
#################################################
3
3
35
35
64.0
48.183766184073555