141
162
##################################################################################################################################################################
##################################################################################################################################################################
##################################################################################################################################################################
#######################################################################.##########################################################################################
#######################################################################....##########.############################################################################
#######################################################################.....########..############################################################################
#######################################################################...............############################################################################
####################################################################................##############################################################################
####################################################################................##############################################################################
####################################################################................##############################################################################
####################################################################...............###############################################################################
####################################################################...............###############################################################################
#######################################################################.............##############################################################################
##################################################....#################.............##############################################################################
##################################################....#################...............############################################################################
##################################################...##################...............############################################################################
##################################################...##################...............############################################################################
###################################################..##############...................############################################################################
###################################################..##############...................############################################################################
#########################.......#################.......##########....................############################################################################
############################..........####................########....................................############################################################
#############################.........####.....................#......................................############################################################
############################..........####............................................................############################################################
############################..........####............................................................############################################################
###########################...........####............................................................############################################################
#########################.............####............................................................############################################################
############################..........###..............................................................###########################################################
############################...........##..............................................................###########################################################
#############################..........##..............................................................###########################################################
###############################........................................................................###########################################################
###############################........................................................................###########################################################
###############################........##..............##......##......................................###########################################################
################################################.......##......##.....##########################.......###########################################################
##################################################.....###.....###....############################################################################################
##################################################.....###.....###....############################################################################################
#########################.......##################.....###.....###....###########################......###########################################################
#########################..............................................................................###########################################################
#########################..............................................................................###########################################################
#########################..............................................................................###########################################################
#########################..............................................................................###########################################################
#########################..............................................................................###########################################################
##########################.....................##################################################......###########################################################
##########################.....................##################################################.....############################################################
##########################.....................##################################################....#############################################################
##########################.....................###.........................######################....#############################################################
##########################.....................###.............................................##....#############################################################
##########################.....................###.............................................##....#############################################################
##########################.........##########..###.............................................##....#############################################################
##########################.........##########..###.............................................##....#############################################################
##########################.....................###.............................................##.....############################################################
##########################.....................###.............................................##.....############################################################
##########################.....................###.............................................##.....####################.....###################################
##########################.....................###....................................................####################.........#..############################
##########################.........##########..###....................................................####################.............###########################
##########################.........##########..###....................................................####################.............###########################
##########################.....................###....................................................####################.............###########################
##########################....####............####....####################.##.####....####............####################.........###############################
##########################....####################....#######################.####....####............#######################......###############################
##########################....####################....######################..####....####............#######################......###############################
##########################....####################....#####...####.########...####....####............#######################...........#################......###
##########################.....###########.....###....####.........########....##......##...................########........................#########..........###
##########################.....###########.....###....###..........########.................................########........................#########..........###
##########################.....##########......###....###............######..................................######..........................#######...........###
##########################.....##########......###....###..............####...................................##..............................###...........######
##########################.....###########.....##......##..............####.................................................................................######
##########################.....##############..##......##..............####...................................................................................####
##########################.....##############..##......##..............####...................................................................................####
##########################.....##############..........................####...................................................................................####
##########################.....##############..........................###....................................................................................####
##########################.....##############..........................###....................................................................................####
##########################.....###############.........................###....................................................................................####
##########################.....###############.........................###....................................................................................####
##########################.....#############...........................#####..................................................................................####
##########################.....#############...##......##...........########..................................................................................####
##########################.....#############...##......##...........#######...................................................................................####
##########################.....#############...##......##............#######................................................................................######
##########################.....#############...###....###..............#####.................................##..#............................####..........######
##########################.....###########.....###....###..........########.................................#######..........................#######...........###
##########################.....############....###....###..........#########................................#######..........................#######...........###
##########################.....############....###....####.........##########..##......##...................########.........................########..........###
##########################....####################....#####...####.##########.####....####............##################...........#####################.......###
##########################....####################....#######################.####....####............#######################......###############################
##########################....####################....######################..####....####............#######################......###############################
##########################....####............####....#####################...####....####............#######################.............####.###################
##########################.....................###....................................................####################.....................###################
##########################.........##########..###....................................................####################.....................###################
##########################.........##########..###....................................................####################.....................###################
##########################.....................###....................................................####################.##..................###################
##########################.....................###.............................................##.....#######################....###...##.....####################
##########################.....................###.............................................##.....############################################################
##########################.....................###.............................................##.....############################################################
##########################.........##########..###.............................................##....#############################################################
##########################.........##########..###.............................................##....#############################################################
##########################.....................###.............................................##....#############################################################
##########################.....................###.............................................##....#############################################################
##########################.....................###.........................######################....#############################################################
##########################.....................##################################################....#############################################################
##########################.....................##################################################.....############################################################
#########################......................##################################################.....############################################################
#########################..............................................................................###########################################################
#########################..............................................................................###########################################################
#########################..............................................................................###########################################################
#########################..............................................................................###########################################################
#########################..............................................................................###########################################################
#########################......#################......................##########################.......###########################################################
##################################################.....###.....###....############################################################################################
##################################################.....###.....###....############################################################################################
##################################################.....###.....###....###########################......###########################################################
###########################............##..............##......##......................................###########################################################
###########################............................................................................###########################################################
###########################.........................................................................##############################################################
###########################............##...........................................................##############################################################
##########################.............##...................................................#.......##############################################################
##########################.............###.............................................########.....##############################################################
##########################............####.............................................########.....##############################################################
##########################............####.............................................########.....##############################################################
###########################...........####...............................................##.........##############################################################
###########################...........####..........................................................##############################################################
###########################...........####.............................................................###########################################################
#############################.........####.............................................................###########################################################
##############################.#################.......###########....................##########.......###########################################################
###################################################..#############....................############################################################################
###################################################..#############....................############################################################################
##################################################....############....................############################################################################
##################################################...#############....................############################################################################
##################################################################....................############################################################################
##################################################################....................############################################################################
##################################################################....................############################################################################
##################################################################....................############################################################################
##################################################################....................############################################################################
######################################################################............################################################################################
######################################################################............################################################################################
######################################################################............################################################################################
######################################################################.........#..################################################################################
######################################################################....########################################################################################
######################################################################....########################################################################################
##################################################################################################################################################################
##################################################################################################################################################################
##################################################################################################################################################################
##################################################################################################################################################################
##################################################################################################################################################################
28
90
120
97
197.0
183.5269119345813