256
256
......................................................................................###########...........................................................................###################............#################.........#.#########................
........................................................................................###########.........................................................................###################............##########...###.........##########..................
..............................................................#..........................##########.........................................................................#######.....#######............########.................#########...................
.............................................................###.........................##########.........................................................................#######.....#######............########................#########...................#
............................................................#####.........................##########....................................................................#######################............########...............#########..................###
..........................................................########..........................#########...................................................................#######################............########.............##########..................####
.........................................................##########.........................##########..................................................................#######################............########.............#########..................#####
........................................................############.........................##########.................................................................#####...........#######............#######.............#########..................######
.......................................................##############.........................##########.................................................................####......###..#######............#######............#########..................######.
......................................................###############..........................#########.................................................................#############..#######............#######...........#########..................######..
.....................................................#################.........................##########................................................................##############.#######............#######..........#########....................####...
...................................................####################.........................##########...............................................................######################............#######.........##########......................#....
..................................................######################.........................##########.........................................................................###########............#######..........#######.............................
.................................................#######################..........................##########........................................................................###########............########.........######..............................
................................................#########################..........................##########...........................................................................#######...................#...........###...............................
................................................##########################..........................##########..........................................................................#######................................#................................
................................................#.#########################..........................##########.........................................................................#######.................................................................
...................................................#########################..........................##########....................................................................###########.................................................................
....................................................#######################............................##########...................................................................###########.................................................................
.....................................................#####################..............................#########...................................................................############................................................................
......................................................###################................................#########..................................................................############................................................................
.......................................................#################..................................#########.....................................................................########................................................................
........................................................###############....................................#########....................................................................########................................................................
..........................................................###########.......................................#########...................................................................########................................................................
...........................................................#########.........................................#########..................................................................########................................................................
............................................................#######..........................................##########.................................................................########................................................................
.............................................................#####............................................##########................................................................########................................................................
..............................................................###..............................................##########.........................................................###...########................................................................
...............................................................#................................................##########.....................................................#################................................................................
.................................................................................................................##########....................................................#################................................................................
..................................................................................................................#########....................................................#################................................................................
...................................................................................................................#########............................................................########................................................................
....................................................................................................................#########...........................................................########................................................................
.....................................................................................................................#########..........................................................########................................................................
......................................................................................................................#########.........................................................########................................................................
.......................................................................................................................#########.......................................................#########................................................................
........................................................................................................................#######........................................................#########................................................................
.........................................................................................................................#####.........................................................#########................................................................
..........................................................................................................................###............................................................######.................................................................
...........................................................................................................................#.............................................................######.................................................................
.........................................................................................................................................................................................######.................................................................
.........................................................................................................................................................................................######.................................................................
.........................................................................................................................................................................................######.................................................................
.........................................................................................................................................................................................######.................................................................
.........................................................................................................................................................................................######.................................................................
..........................................................................................................................................................................................#####.................................................................
..........................................................................................................................................................................................#####....................#............................................
..........................................................................................................................................................................................#####..................####...........................................
..........................................................................................................................................................................................###..................#######..........................................
..............................................................................................................................................................................................................#########.........................................
.............................................................................................................................................................................................................###########........................................
.#...........................................................................................................................................................................................................############.......................................
###.........................................................................................................................................................................................................##############......................................
###........................................................................................................................................................................................................################.....................................
####...........................................................................................................####.......................................................................................##################....................................
#####..........................................................................................................####......................................................................................####################...................................
######......................................................................................................########...................................................................................#######################..................................
######.....................................................................................................##########..................................................................................###########..###########.................................
#######..................................................................................................#############................................................................................###########....###########................................
########................................................................................................###############..............................................................................###########......###########...............................
#########..............................................................................................##################...........................................................................###########........###########..............................
#########.............................................................................................####################.........................................................................###########..........###########.............................
##########...........................................................................................######################......................................................................############............###########............................
###########.........................................................................................#######################.....................................................................##############............###########...........................
############......................................................................................#############...##########...................................................................################............###########..........................
############.....................................................................................############......##########.................................................................##################............##########..........................
#############..................................................................................#############........##########.................................................................##################............##########.........................
##############................................................................................############...........##########.................................................................##################...........###########........................
###############.............................................................................#############.............##########.................................................................######.###########...........###########.......................
###############............................................................................#############...............##########.................................................................####...###########...........###########......................
################..........................................................................############..................##########..............................................................#..#......###########...........###########................##...
#################.......................................................................#############....................##########............................................................###.........##########............###########..............#####.
##################.....................................................................#############......................##########.........................................................#####..........##########............###########............#######
##################....................................................................#############........................##########.......................................................#######..........##########............###########...........#######
###################..................................................................############...........................########.......................................................#########..........##########............###########...........######
####################................................................................############............#................######.........................................................########...........##########............#########............######
#####################.............................................................#############...........####................###............................................................########..........###########............#######..............#####
#####################............................................................#############...........#####.##..............#......................................................#.....#########...........###########............#####.................###
######################..........................................................#############...........##########.#................................................................####..############...........###########............###.....................
#######################........................................................############...........###############.....................#........................................#####.##############...........###########............#......................
########################.....................................................#############...........#################...................###........................................###################............#########....................................
########################....................................................#############.............#################.................#####.......................................##############.#####............#######.....................................
#########################..................................................#############...............#################................######.......................................############...####.............#####......................................
##########################..................................................##########.........#........#################..............########.......................................##########....#####.............###.......................................
#########################....................................................#######..........###........#################............##########.......................................#######.......###...............#........................................
########################.....................................................#######.........#####........###############..............##########......................................######.........#.........#...............................................
######################........................................................#####...........#####........#############................##########......................................######..........#......###..............................................
#####################..........................................................####...........######........##########.................############......................................######........###.....###..............................................
####################............................................................####........#..#####.....#...########.................############........................................#####......#####......#...............................................
##################..............................................................#####......##..######...###...######.................############.........................................######....#####.......................................................
#################................................................................####.....###.########.#####...####.................############...........................................####....#######......................................................
################..................................................................####...####################.####.................############.............................................#.......#####.......................................................
##############....................................................................#####..##########################...............#########..#.......................................................#.#........................................................
.############......................................................................####...##########################.............#########......................................................................................................................
.###########........................................................................#################################...........#########.......................................................................................................................
..########..........................................................................##############.#.################..........#########........................................................................................................................
#.#######..........................................................................##############....#################........#########.........................................................................................................................
#..#####..........................................................................#############.......##################.....##########.........................................................................................................................
##.###...........................................................................#############.........##################...##########..........................................................................................................................
##..#...........................................................................#############..........#################...###########..........................................................................................................................
#.#..............................................................................############...........######.########...###########...........................................................................................................................
.###..............................................................................##########...........######...######...###########............................................................................................................................
#####.............................................................................###########.........######.....######.###########.............................................................................................................................
######.........................................#...................................##########........#######......################..............................................................................................................................
######.......................................####...................................##########......#######........###############..............................................................................................................................
#######.....................................#####....................................##########....#######..........#############...............................................................................................................................
######.....................................#######...................................###########..#########..........###########................................................................................................................................
#####....................................##########...................................##########.###########..........#########.................................................................................................................................
####....................................###########.................................#######################............#######........................................#.........................................................................................
##....................................##############...............................##########################...........#######......................................###.......................................................................................#
#....................................##############.................#.............##########################.............#######....................................#####.....................................................................................##
...................................###############.................###..........#############.###############.............######...................................#######...................................................................................###
..................................###############................######........#############...###.###########..............#####................................##########................................................................................#####
.................................##############.................#######.......############.....###..###########............#######..............................#############............................................................................#######
................................##############.................#########....#############.......#....###########..........#########...........................################.........................................................................########.
..............................#############.#...................#########.##############..............############.......###########.........................##################......................................................................##########.
.............................#############.......................#########.############................############.....#############.......................#######.#.##########...................................................................############.
............................#############........#...............#########.##########........#..........############...###############....................########....###########.................................................................##############
...........................#############..........#.......#.......#########.########.......####..........############.#################..................#######.......###########..............................................................#########...####
..........................#############...........##.....###.......################.......######..........##############################................#######.........##########.............................................................########.....####
...........................###########.............#....#####.......#############........#######...........####################.#########.............########...........##########..........................................................##########......###
............................########...................#######.......#########.#.......##########...........##################...#########...........#####.#..............##########.......................................................#############.....###
............................#######..................##########......########.........############...........################.....#########.........#######..............############.....................................................######.########...####
.............................####...................############......######........###############...........##############......########........##########..........#.#############...................................................#######..#######..######
..............................##...................##############......#..#........################............############........######........###########.........#################.................................................#######...########.######
..................................................##############.................###################............##########..........###...........###########.#......##################.............................................#...#####....###############
................................................###############.................###################..............##########..........#............###.#########....#####################..........................................####...##.......##############
...............................................##############..................##################.................##########.......................#..#########...######################.........................................#####............##############
.............................................################................###################...................##########..........................##################################......................................########...........##############
............................................################................###################.....................#########..........................###################################...................................##########........#################
...........................................################.................#################........................#########..........................###################################.................................############.....###################
..........................................################...................###############..........................#########..........................###################################..............................###############..###################..
.........................................###############.....................#############.............................#######...........................###################################.............................################...################....
.........#..............................###############.....................###############.............................#####.............................###################################..........................#######.###########...#############......
........###...........................#######.#######........................###########.##..............................###.............................#####################################........................#######...##########.############.........
......######.........................#######...####..........................#########...###..............................#.............................#######################################.....................#########....##################.............
.....#######........................#########...#.............................######......###..........................................................#######################################.....................###########...###############................
....#########......................###########.................................#.#.........##...........................................................####################################........................##########..##############..................
..############...................##############............................................###...........................................................#################################..........................########################....................
.############...................###############.............................................###.........................................................#################################............................#####################......................
############...................#################.............................................##.........................................................###############################...............................##################........................
###########...................#################..............................................###.........................................................############################..................................##########...##.........................#
.#########...................###################..............................................###........................................................##########################....................................#########.............................###
.########..................######################............................................#####........................................................########################......................................######...............................###
..#####...................########.##############...........................................######........................................................######################........................................####..................................##
..####...................########...##############...........................................######..........#.............................................###################...........................................#....................................##
...##.....................#####.....###############..........................................#######.......####............................................##################.......................................................................##.........#
...........................###.......###############..........................................#######...########............................................###############.......................................................................####.........#
............................#.........#.#############.........................................#######..#########.............................................############..................#...................................................########.........
........................................#############..........................................#######.###########...........................................##########..................####................................................##########.........
.........................................#############..........................................##################............................................#######...................#####.............................................#############.........
..........................................#############.........................................#################................................................##...................########........................................##################........
...........................................###########...........................................##############.....................................................................##########.....................................#####################........
...........................................############..........................................#############.....................................................................############..................................#####################.........#
............................................########.#............................................##########.....................................................................##############..................................###################.........###
.............................................#######..............................................###########...................................................................################.................................#################.........#####
...........................................##########............................................#############...................................................................################.................................##############..........######
..........................................###########............................................##############..................................................................#################.................................###########..........#######.
........................................##############............................................##.##########...................................................................###############..................................###########........#######...
......................................#################...............................................##########...................................................................############.....................................##########......#########..#
.....................................#################..................................................#########..................................................................##########....................#...................##########...##############
...................................#################....................................................##########.................................................................#########...................####...................#########.################
..................................#################......................................................##########.................................................................######....................#####...................##########################
................................#################........................................................##########.................................................................####....................########...................#########################
...............................#################..........................................................##########.................................................................#....................###########...................##############..#...####
...............................################............................................................#########.....................................................................................#############..................###########.........####
................................#############..............................................................##########..................................................................................###############...................##########.......######
...............................#############.....................................................#..........##########................................................................................#################...................##########.....#######
#............................#############......................................................###..........##########.............................................................................#############.######...................##########...#######.
#........................#..#############......................................................####...........#########...........................................................................#############...#######...................#########.########..
##................##...################.......................................................######...........#########.........................................................................############......######...................################....
##...............####.################......................................................#########..........##########......................................................................#############........######...................##############.....
###..............####################......................................................###########..........##########...................................................................#############...........######...................###########.......
###...............#################......................................................#############...........#########.................................................................##############............#######..................#########.........
##.................###############......................................................###############..........##########...............................................................#############...............######...................#########........
#................###############......................................................##################..........########..............................................................#############..................######...................########..##....
................##############.......................................................###################...........#####..............................................................################.................#######...................############...
..............#################....................................................######################..........####..............................................................#################..................#######...................##########....
............####################..............................................#...######################............#..............................................................####################..................######....................#######......
...........######################...........................................##########################...........................................................................#######################..................######...................########.....
.........########################..........................................###########################..........................................................................########################..................#######...................########....
........###########...############.......................................############################.........................................................................###########################..................#######...................########...
......############....#############.....................................###.#######################.........................................................................##############################...............##########..................########...
....############.....###############..................................####...#####################.........................................................................###############################.............#############..................########.#
...############....#################.#..............................####......##################.........................................................................##################################..........##############....................#########
....#########.....#####################............................####.#......################........................................................................###################################..........#############......................#########
..############...#######################.........................#########...################.........................................................................##################################..........#############.........................########
#############..##########################.......................##########.####.############........................................................................##################################..........#############............................#######
###########...###########################.....................############################........................................................................###################################.........##############..............................######
##########.....###########################...................###############.....########........................................................................##################################..........#############................................######
######.#........###########################...................###############.....#####........................................................................##################################.............##########...................................#####
####............###########################....................##############.....####.......................................................................##################################...............#########.....................................####
#####............#########################...................#################.....#.......................................................................###################################.................######.......................................####
#####.........#..##########################.................#################.............................................................................##################################...................####..........................................###
######......###############################................################.............................................................................##################################......................#.............................................##
#######...##################################.............#################............................................................................###################################......................................................................#
#######..####################################...........################.............................................................................##################################.........................................................................
########.####################################.........#################............................................................................##################################...........................................................................
########.#####################################.......#################...........................................................................##################################.............................................................................
##################################...#########......################............................................................................##################################...........#..................................................................
##################################....#########...#################...........................................................................##################################...........####.................................................................
##################################....##########.################...........................................................................##################################...........######.................................................................
###################################....#########.###############...........................................................................##################################..........#########................................................................
.#################################...#########################...........................................................................##################################..........###########................................................................
.################################...#########################..........................................................................##################################..........##############...............................................................
..#############################....#####.###################...........#..............................................................#################################..........###############......................#.........................................
..############################...#####....################...........####...........................................................##################################.........###############.......................###........................................
...##########################...#####......##############..........######.........................................................##################################.........###############.......................#####........................................
..#########################...######.....############.#...........######.........................................................#################################..........###############.......................#######.......................................
.#########################...#####......############............######...#........................................................###############################.........###############........................########.......................................
#########################...#####......###########............#######..####.......................................................#############################..........###############.......................###########......................................
#######################...#####......###########.............######...#####........................................................##########################..........###############.......................#############......................................
##############################......##############.........######....#######.......................................................########################..........###############.......................################.....................................
#############################......################.......########.#########........................................................######################..........###############......................###################....................................
###################...#####....#.###########..####......#######.#############.......................................................####################..........###############.......................####################....................................
####################.........##############....#......#######...#############........................................................#################...........###############......................##############.########...................................
##########.##########......###############...........######...################........................................................###############..........###############......................##############...########...................................
########...###########....##############.............####....################.........................................................#############..........###############......................###############.....########..................................
.#####......##########....#############...............##......#############............................................................##########...........##############......................###############.......########..................................
.######.....###########....###########........................############.....#.......................................................########..............###########.......................##############..........########.................................
..#####......###########.###########...........................#########.....####.......................................................######................#########......................###############...........#########................................
...#####......#####################............................########....#######......................................................####..................#######......................###############..............########................................
...######.....####################.......................#......#####.....########.......................................................#.....................####......................###############................#########...............................
....#####......###############.#.......................####.....####....###########.............................................................................#......................###############...................########...............................
....######......#############........................######......#.....###########....................................................................................................##############...................###########..............................
.....######.....###########.........................########..........##########....................................................................................................#################................#############..............................
......######.....###########.............##.........########...........########...................................................................................................###################...............###############.............................
......######.....#########.............#####.........######............######....................................................................................................#####################............##################............................
.......######.....#########..........#######.........####......#........####...................................................................................................#######################..........####################............................
........######.....########.........#########.........#......####........#....................................................................................................#########################.......#######################...........................
........######.....####..###..#......########..............######...........................................................................................................###########################......################.########..........................
.........######.....#....###.###.....#########............########........................................................................................................##############################...################...########..........................
.........#######..........######......#########.........###########......................................................................................................###############################.################......########.........................
..........######........#########.....#########........############....................................................................................................#################################################.......#########........................
...........######......###########.....#########.....###############.................................................................................................#################################################..........########........................
...........#####......#############.....########...################.................................................................................................################################################............#########.......................
............##.........############.....#########################.................................................................................................################################################...............########.......................
.......................#############.....#######################................................................................................................################.################################................#########......................
........................#############....#####################................................................................................................################...##############################...................########......................
.........................############.....###################...............................................................................................################......###########################...................###########.....................
..........................############.....################................................................................................................###############........############################................#############.....................
..........................#############....##############................................................................................................###############...........###########################...............###############..................##
...........................############.....############...............................................................................................################............############################............##################...............####
............................############.....#########............................#...................................................................###############...............###########################..........####################..............#####
.............................############....########...........................####...................................................................############.................############################.......#######################..............####
#............................#############....######..........................######...................................................................###########...................###########################......###############.########..............####
#.............................############....#####.........................#########......................#............................................########...................##############################...###############...#########..............###
##........................#..##############....##.........................###########....................####...........................................#########................################################.###############......#########..............##
##......................##################..............................############.................########............................................########...............################################################........########..............##
#......................#################...............................###########.................#########.............................................#########............################################################..........#########..............#
......................#################.................................########.................#########................................................########..........#################################################............#########..............
.......................###############..................................#######.................########...................................................########.......#################################################...............########..............
.......................#############.....................................####..........#......###########.........#........................................########......###############.################################.................#########.............
........................###########.......................................#..........####...#########.##........####........................................########...###############...###############################...................#########............
........................##########.................................................######.#########...........######........................................########.###############......############################...................###########............
.........................#######......................................#...........##################........#######..........................................######################.......#############################................##############...........
25
9
251
245
462.0
369.44574285495037