257
256
################################################################################################################################################################################################################################################################
########################################################################################################################################...###################################################################################################........##########
########################################################################################################################################...###################################################################################################........##########
########################################################################################################################################...###################################################################################################........##########
########################################################################################################################################...###################################################################################################........##########
########################################################################################################################################...###################################################################################################........##########
########################################################################################################################################...##################################################################################################.........##########
########################################################################################################################################...###############################################################################################............##########
########################################################################################################################################...###############################################################################################................######
############################################################################################################################........####...###############################################################################################................######
############################################################################################################################........####...##############################################################################################.................######
############################################################################################################################........####...##############################################################################################..................#####
############################################################################################################################........####...##############################################################################################..................#####
############################################################################################################################........####...###############################################################################################.................#####
############################################################################################################################........####...###############################################################################################.................#####
############################################################################################################################........####....########################......################################################################.................#####
############################################################################################################################........#####.......###################.......################################################################.................#####
############################################################################################################################....##..#####.................................................################################################.................#####
############################################################################################################################.....#..#####.................................................################################################.................#####
############################################################################################################################........#####.................................................################################################...................###
############################################################################################################################........####..................................................##############################################.....................###
############################################################################################################################........####..................................................##############################################.....................###
############################################################################################################################........####..................................................##############################################.....................###
############################################################################################################################........#####..#####..........................................##############################################.....................###
############################################################################################################################........######.#####.............###...........................#############################################.....................###
###################################################################.########################################################........######.#####.............###.##........##.###..........#############################################.....................###
###################################################################..#######################################################........######..####.............###..............###..........#############################################.....................###
###################################################################..#######################################################........####....####.............###..............###..........#############################################.....................###
####################################################################..######################################################........####....#.................................###..........#############################################...................#####
####################################################################..######################################################........####...................................................##################..###########################.................#####
#####################################################################..#####################################################.....#..####...........##......................................##################...##########################.................#####
#####################################################################...#......#############################################....##..###################.##.................................##################...######......##############.................#####
#####################################################################..........#############################################.......########################.................................................................##############.................#####
####################################################################................................................................########################................................................................##############.................#####
#################################################################....................................................................#######################................................................................##############.................#####
#############################################################.......................................................................................##########..............................................................##############...................###
###########################################################.........................##............#.............##............#.......................##########....................................###..............###......#########......................###
#########################################################...........................#.............#.............#.............#.........................##########..................................###..............###......#########......................###
#######################################################..................................................................................................##########..................................##..............###......#########......................###
######################################################...................................................................................................###########......................................##....##............#########......................###
####################################################......................................................................................................#...#######.........................................................#########......................###
###################################################.............................................................................................................#######.......................................................#########......................###
#################################################................................................................................................................#######......................................................#########......................###
#################################################.................................................................................................................#######.....................................................#########......................###
#################################################..................................................................................................................##########........................#######..................#########......................###
#################################################...................................................................................................................##############..........#################.................#########......................###
#################################################....................................................................................................................##############........##############################################..................#####
#################################################....##................................................................................................................#############......###############################################..................#####
#################################################..........................................................................#..............#####........................#############.......##############################################..................#####
#################################################.....##..................................................................#..#..#.........#######....#..................############........#############################################..................#####
#################################################.....####................................................................#...##.#........########...#...................##########..........############################################..................#####
#################################################....######................................................................#.....##.............###########...............########...........################................############..................#####
#############################################...#....#####........................................................................##............###########................######.............##############.................############....................###
#############################################........#####................................................................###......##########################..............###.................................................#######.......................###
#############################################........#####....................................#######.....#################..#.....###########################.............###.................................................#######.....................#####
#############################################...........#.....................................#######.....##############.....#......##########################.............###.............................................................................#####
#############################################.............................................................#############.......#....###########################...........................................................................................#######
#############################################....................................................######################.......#....###########################...........................................................................................#######
#############################################....................................................######################........#...##########################...........................................................................................########
##############################################...................................................######################..........#..#########################.......#...................................................................................########
############################################.....................................................######################.............#################################...................................................................................########
###########################################.................................#.........#####......######################.............#################################...................................................................................########
##########################################.................................#####......#########################################.....#################################...............................................................................############
#########################################..................................####################################################.....#################################...............................................................................############
########################################..................................#####################################################.....#################################...............................................................................############
########################################..................................#####################################################.....#################################...............................................................................############
#################################.........................................#####################################################.....#################################...............................................................................############
#################################........................................######################################################.....#################################...............................................................................############
#################################........................................######################################################.....#################################...............................................................................############
#################################.......................................#######################################################.....###############################.................................................................................############
#################################.......................................#######################################################.....#############################...................................................................................############
#################################.......................................#######################################################.....#############################...................................................................................############
#########...............................................................#######################################################..##.#############################.###...............................................................................############
#########..#...............................................................#####..#############################################..##.#############################.###...............................................................................############
#########..##................................................................###..#############################################..################################.###..#............................................................................############
############......................................................................##############################################..###############################.###..#................................................................................########
###############..................###....................................................#########################################################################.###..#................................................................................########
#######################....##.#######...................................................#########################################################################.###..............................................................................#############
#######################....##########......................................................######################################################################.###..............................................................................#############
#####################################.................................................#######.###...............####...##########################################..................................................................................#############
########################################.................................................###...........................###.######################################..................................................................................#############
########################################...#.............................................##............................###..#####################################..................................................................................#############
#########################################.....................................................#######........................################################...................................................................................################
#########################################...#.................................................#######..........................##############################........................................................................................###########
#########################################.........................................................##............................##..#########################........................................................................................###########
#########################################...........................................................................................#########################........................................................................................###########
##########################################..............................................##................###.........###...........#########################........................................................................................###########
###########################################.............................................####...........#######........###...........#########################...................................#########............................................###########
##############################################...........................................###............#.###.........###...........#########################...................................#########............................................###########
#################################################.........................................#...........................###...........#########################...................................#########............................................###########
####################################################......................................#...................................................#####..##.........................................#########............................................###########
########################################################......................................................................................#####..##.........................................#########............................................###########
########################################################......................................................................................###...........................................#########################................................###########
#########################################################...................................................................................................................................#########################................................###########
#########################################################...................................................................................................................................#########################................................###########
##########################################################................................................................................................................................###########################........................###.....###########
###########################################################...............................................................................................................................###########################..........##.............##.....###########
###########################################################.............##................................................................................................................###########################..........##.............##.....###########
############################################################...........####...............................................................................................................###########################................................###########
###########################################################################...............................................................................................................###########################................................###########
############################################################################..............................................................................................................###########################................................###########
############################################################################..............................................................................................................###########################................................###########
############################################################################................................................................................................................#########################................................###########
#############################################################################..........................................................................................................#....#########################................................###########
###############################################################################.......................................................................................................###############################................................###########
################################################################################.....................................................................................................###################################.............................###########
##################################################################################..................................................................................................#################################................................###########
###################################################################################.................................................................................................#####################################............................###########
#####################################################################################................................................................................................####################################............................###########
########################################################################################.................................................##............................................##################################............................###########
#############################################################################################..........................................####.............................................#################################............................###########
##############################################################################################.......................................#######............................................#################################............................###########
#################################################################################################.................................##########............................................#################################............................###########
###################################################################################################.............................#############...........................................#################################............................###########
######################################################################################################.........................###############..####....................................#################################............................###########
###########################################################################################################...................######################....................................#################################............................###########
###############################################################################################################...............#######################...................................################################.............................###########
##################################################################################################################.............#######################..................................#############################................................###########
####################################################################################################################............#######################.................................#############################................................###########
####################################################################################################################......#.....########################................................#############################..............................#############
####################################################################################################################....##################################..............................#############################.........#....................#############
####################################################################################################################..#####################################.............................#############################.........##...................#############
###########################################################################################################################################################.............................#############################.........##....................############
############################################################################################################################################################............................#############################.........###...................############
############################################################################################################################################################............................#############################.........###.....................##########
############################################################################################################################################################..............................###########################.........###.................##...#.....###
############################################################################################################################################################..............................###########################.........##..................##.###.....###
#############################################################################################################################################################.............................###########################.............................##.###.....###
#############################################################################################################################################################.............................###########################...............................#####....###
#############################################################################################################################################################.................#.............#########################...............................###......###
##############################################################################################################################################################................#.............#########################........................................###
##################################################..##########################################################################################################..............................#########################............................###.........###
#################################################.....#####...################################################################################################..............................#########################.....#############################......###
##############################################.................################################################################################################.............................#########################.....#############################......###
#########################################......................#############.......############################################################################.............................#########################.....#############################......###
#########################################.......................#####..................########################################################################.............................#########################.....#############################......###
#######..###############################....................................................###################################################################...........................#.#########################.....#############################......###
######...........#######################........................................................##############################################################............................###########################.....#############################......###
#######............######################.........................................................##########################################################...............................##########################..##.#############################......###
########...........######################..........................................................######################################################..................................##############################.#############################......###
########..........############.....#####.............................................................#################################################..........................................#######################################################......###
########...........##########.............................................................................########################################.............................................########################################################......###
#######................######.............................................................................########################################.............................................########################################################......###
#######....................##.............................................................................########################################............................................##########################################################.....###
#######...................................................................................................########################################............................................###########################################################....###
#######...................................................................................................#########################################..........................................##############################################################.....
#######..####.............................................................................................#########################################..........................................###############################################################....
######..######............................................................................................##########################..#############.........................................#################################################################...
##############.............................................................................................######################.....####..................................................##################################################################..
#############..............................................................................................#####################............................................................##################################################################..
#############...............................................................................................############...#####............................................................#.#.################################################################
############.................................................................................................#########......####.................................................................###############################################################
############..................................................................................................######...............................................................................#############################################################
############........................................................................................................................................................................................############################################################
###########..........................................................................................................................................................................................###########################################################
########...............................................................................................................................................................................................#########################################################
######..................................................................................................................................................................................................########################################################
#######...................................................................................................................................................................................................######################################################
#######................................................................................................................................................................................................##.######################################################
#######................................................................................................................................................................................................#########################################################
#######.................................................................................................................................................................................................########################################################
#######..................................................................................................................................................................................................#######################################################
#######..................................................................................................................................................................................................#######################################################
#######....................................................................................................................................................................................................#####################################################
########..................................................................................................................................................................................................######################################################
#########.................................................................................................................................................................................................######################################################
##########................................................................................................................................................................................................######################################################
##########...............................................................................................................................................................................................#######################################################
##########...............................................................................................................................................................................................#######################################################
##########................................................................................................................................................................................................######################################################
##########...........................................................................................................##............##......................##.............................................######################################################
##########..........................................................................................................###............##......................##..............................................#####################################################
#########............................................................................................................##.....................................................................................################......##############################
#######......................................................................................................................................................................................................###############.......#############################
#######.................................................##...........................................#........................................................................................................#############.........############################
#######.................................................####........................................###.#......................................................................................................##########............###########################
#######..................................................##........................................######.#########################...............................................................................####................##########################
#######..................................................##.......................................##################################...................................................................................................#########################
########.................................................##.......................................###################################........................###.......................................................................#########################
##########.................................#####...................................................###################################.........####..........#####............................#.........................................########################
##########.................................######...................................................###################################.....#######.........#######................##........###.......................................#########################
##########.................................########..................................................##############################################........#########...............####...########.....................................##.######################
#########...................................#######.................................................###############################################.......###########...............###############.........................................####################
#########.................................#########.##....#####.....................................################################################.....#############...............###############.........................................###################
########.............######.............###############.########....................................################################################.....###############.............################.........................................##################
########.............######...........##########################....................................################################################....#####################.......##################.........................................#################
########.............######...........###########################...................................#################################################..#######################......##################.......................................###################
#######............##########........############################...................................#################################################.##########################...###################.......................................###...#############
#######............###########.......##############################.................................###################################################################################################.............................................############
#######............###########.....################################.................................###################################################################################################..............................................###########
#######............###########...##################################.................................###################################################################################################...............................................##########
#######............################################################.................................###################################################################################################................................................#########
#######............################################################.................................###################################################################################################..................................................#######
#######............################################################.................................###################################################################################################...................................................######
#######............################################################.................................##################################################################################################.....................................................#####
#######............################################################.................................##################################################################################################.........................#............................####
#######............################################################.................................##################################################################################################........................###...........................####
#######............################################################.................................#################################################################################################........................######........................#####
#######............################################################...............................##################################################################################################.........................######.......................######
#######............################################################................................################################################################################################.........................######.......................#######
######...............################################################...............................##############################################################################################...........................#####......................########
######...............################################################...............................#######################################.........##############################################............................###......................#########
######...............################################################...............................#######################################...........############################################..................................................#.##########
########...........##################################################...............................#######################################............############################################................................................#############
########...........################################################.................................######################################..............############################################..............................................##############
########...........################################################.................................#####################################...............#############################################............................................###############
########...........################################################.................................#####################################..................###########################################...........................................###############
########...........################################################.................................#####################################...................###########################################.........................................################
########...........################################################..................................####################################....................############################################........................................###############
########...........################################################...................................################################.###....................############################################.......................................###############
######...............##############################################....................................###############################..###....................############################################..##.....................................############
######...............##############################################.....................................##############################..###.....................###############################################.....................................############
######...............###############################################.....................................#############################.........................################################################....................................#############
######...............###############################################................................................................##.........................#################################################..................................##############
######...............##############################################...........................................................................................##################################################.................................###############
###################################################################..........................................................................................####################################################........................###.....###############
###################################################################...........................................................................................#####################################################.###.................#####...################
###################################################################...........................................................................................#########################################################................#######.#################
###################################################################...........................................................................................########################################################................##########################
###################################################################...........................................................................................########################################################................##########################
###################################################################...........................................................................................#########################################################................#########################
###################################################################...........................................................................................###########################################################.............##########################
###################################################################...........................................................................................############################################################............##########################
###################################################################...........................................................................................#############################################################....###...###########################
###################################################################...........................................................................................##############################################################..####..############################
######################################################........................................................................................................###############################################################.####.#############################
#########################################################.....................................................................................................##################################################################################################
###############################################################...............................................................................................##################################################################################################
###############################################################...............................................................................................##################################################################################################
###############################################################.....................................................#######...................#######.........##################################################################################################
###############################################################......................##............................#########.###..............########........##################################################################################################
###############################################################.................###.#####.........................#########...###...........#.#########.......##################################################################################################
################################################################...............#############.....................##########....##.......##....##########......##################################################################################################
################################################################......########################..........#################################################.....##################################################################################################
################################################################......############################...#####################################################....##################################################################################################
################################################################...##.##########################################################################################################################################################################################
################################################################..##############################################################################################################################################################################################
################################################################..##############################################################################################################################################################################################
#################################################################.##############################################################################################################################################################################################
#################################################################.##############################################################################################################################################################################################
################################################################################################################################################################################################################################################################
################################################################################################################################################################################################################################################################
################################################################################################################################################################################################################################################################
################################################################################################################################################################################################################################################################
################################################################################################################################################################################################################################################################
################################################################################################################################################################################################################################################################
################################################################################################################################################################################################################################################################
################################################################################################################################################################################################################################################################
################################################################################################################################################################################################################################################################
################################################################################################################################################################################################################################################################
################################################################################################################################################################################################################################################################
################################################################################################################################################################################################################################################################
################################################################################################################################################################################################################################################################
################################################################################################################################################################################################################################################################
################################################################################################################################################################################################################################################################
################################################################################################################################################################################################################################################################
################################################################################################################################################################################################################################################################
27
137
214
8
402.0
344.5929291125639